// Jest Snapshot v1, https://goo.gl/fbAQLP

exports[`Home render Contact snapshot 1`] = `
<div
  className="contact"
>
  Contact
</div>
`;
