// Jest Snapshot v1, https://goo.gl/fbAQLP

exports[`App App should render correctly 1`] = `
<div
  className="home"
>
  zqeftesrgestrtresgrsebgtrs ergsetrgtrerhe egereg
</div>
`;

exports[`Home snapshot Home snapshot 1`] = `
<div
  className="home"
>
  zqeftesrgestrtresgrsebgtrs ergsetrgtrerhe egereg
</div>
`;
